[04:30:33] [main/INFO]: Loading Minecraft 1.21.11 with Fabric Loader 0.19.2
[04:30:34] [ForkJoinPool-1-worker-1/WARN]: Mod roguelike uses the version fabric-2.1.2+mc1.21.11 which isn't compatible with Loader's extended semantic version format (Could not parse version number component 'fabric'!), SemVer is recommended for reliably evaluating dependencies and prioritizing newer version
[04:30:34] [main/WARN]: Warnings were found!
 - Mod 'Forge Config API Port' (forgeconfigapiport) 21.11.1 recommends any version of modmenu, which is missing!
	 - You should install any version of modmenu for the optimal experience.
[04:30:34] [main/INFO]: Loading 141 mods:
	- antixray 1.4.14
	   |-- com_moandjiezana_toml_toml4j 0.7.2
	   \-- fabric-permissions-api-v0 0.6.1
	- balm 21.11.9
	   \-- kuma_api 21.11.12
	- cardinal-components 7.3.1
	   |-- cardinal-components-base 7.3.1
	   |-- cardinal-components-block 7.3.1
	   |-- cardinal-components-chunk 7.3.1
	   |-- cardinal-components-entity 7.3.1
	   |-- cardinal-components-item 7.3.1
	   |-- cardinal-components-level 7.3.1
	   |-- cardinal-components-scoreboard 7.3.1
	   \-- cardinal-components-world 7.3.1
	- carpet 1.4.194+v251223
	- carryon 2.9.0
	- chisel 2.2.0+mc1.21.11
	- cloth-config 21.11.153
	   \-- cloth-basic-math 0.6.1
	- commandblocker 1.0.0
	- coolrain 1.4.0-1.21.11
	- cryonicconfig 1.0.0+mc1.21.11
	- dynamiclights 1.9.2+mod
	- enchantinginfuser 21.11.3
	- essential_commands 0.38.6-mc1.21.11
	   |-- ec-core 1.3.0-mc1.21.11
	   |-- fabric-permissions-api-v0 0.6.1
	   |-- org_yaml_snakeyaml 2.5
	   |-- placeholder-api 2.8.1+1.21.10
	   \-- playerabilitylib 1.15.0
	- fabric-api 0.141.4+1.21.11
	   |-- fabric-api-base 1.0.5+4ebb5c083e
	   |-- fabric-api-lookup-api-v1 1.6.114+20dc27073e
	   |-- fabric-biome-api-v1 17.1.1+4fc5413f3e
	   |-- fabric-block-api-v1 1.1.10+4ebb5c083e
	   |-- fabric-block-view-api-v2 1.0.39+4ebb5c083e
	   |-- fabric-command-api-v2 2.4.7+6b42a6003e
	   |-- fabric-content-registries-v0 10.2.14+4fc5413f3e
	   |-- fabric-convention-tags-v1 2.1.55+7f945d5b3e
	   |-- fabric-convention-tags-v2 2.17.3+8ef948ba3e
	   |-- fabric-crash-report-info-v1 0.3.23+4ebb5c083e
	   |-- fabric-data-attachment-api-v1 1.8.48+eed0806f3e
	   |-- fabric-data-generation-api-v1 23.4.1+69974c4e3e
	   |-- fabric-dimensions-v1 4.0.28+4fc5413f3e
	   |-- fabric-entity-events-v1 3.1.1+1d0ab4303e
	   |-- fabric-events-interaction-v0 4.1.1+3b89ecf63e
	   |-- fabric-game-rule-api-v1 2.0.3+4fc5413f3e
	   |-- fabric-item-api-v1 11.5.20+d0c46b9e3e
	   |-- fabric-item-group-api-v1 4.2.36+4fc5413f3e
	   |-- fabric-key-binding-api-v1 1.1.7+4fc5413f3e
	   |-- fabric-lifecycle-events-v1 2.6.15+4ebb5c083e
	   |-- fabric-loot-api-v2 3.0.73+3f89f5a53e
	   |-- fabric-loot-api-v3 2.0.20+78c8b4663e
	   |-- fabric-message-api-v1 6.1.12+4ebb5c083e
	   |-- fabric-model-loading-api-v1 6.0.15+4fc5413f3e
	   |-- fabric-networking-api-v1 5.1.6+6b6d71a53e
	   |-- fabric-object-builder-api-v1 21.1.40+4fc5413f3e
	   |-- fabric-particles-v1 4.2.12+4fc5413f3e
	   |-- fabric-recipe-api-v1 8.2.4+4ebb5c083e
	   |-- fabric-registry-sync-v0 6.2.6+1718722b3e
	   |-- fabric-renderer-api-v1 8.0.3+f4ffd2e53e
	   |-- fabric-renderer-indigo 5.0.3+f4ffd2e53e
	   |-- fabric-rendering-fluids-v1 3.1.43+4ebb5c083e
	   |-- fabric-rendering-v1 16.2.10+0290ad933e
	   |-- fabric-resource-conditions-api-v1 5.0.35+4fc5413f3e
	   |-- fabric-resource-loader-v0 3.3.4+4fc5413f3e
	   |-- fabric-resource-loader-v1 1.0.10+78c8b4663e
	   |-- fabric-screen-api-v1 3.1.7+4ebb5c083e
	   |-- fabric-screen-handler-api-v1 1.3.162+4fc5413f3e
	   |-- fabric-serialization-api-v1 1.0.5+4ebb5c083e
	   |-- fabric-sound-api-v1 1.0.51+4fc5413f3e
	   |-- fabric-tag-api-v1 1.2.20+4fc5413f3e
	   |-- fabric-transfer-api-v1 6.0.25+4fc5413f3e
	   \-- fabric-transitive-access-wideners-v1 7.1.0+014c8cec3e
	- fabric-language-kotlin 1.13.11+kotlin.2.3.21
	   |-- org_jetbrains_kotlin_kotlin-reflect 2.3.21
	   |-- org_jetbrains_kotlin_kotlin-stdlib 2.3.21
	   |-- org_jetbrains_kotlin_kotlin-stdlib-jdk7 2.3.21
	   |-- org_jetbrains_kotlin_kotlin-stdlib-jdk8 2.3.21
	   |-- org_jetbrains_kotlinx_atomicfu-jvm 0.32.1
	   |-- org_jetbrains_kotlinx_kotlinx-coroutines-core-jvm 1.10.2
	   |-- org_jetbrains_kotlinx_kotlinx-coroutines-jdk8 1.10.2
	   |-- org_jetbrains_kotlinx_kotlinx-datetime-jvm 0.7.1
	   |-- org_jetbrains_kotlinx_kotlinx-io-bytestring-jvm 0.9.0
	   |-- org_jetbrains_kotlinx_kotlinx-io-core-jvm 0.9.0
	   |-- org_jetbrains_kotlinx_kotlinx-serialization-cbor-jvm 1.11.0
	   |-- org_jetbrains_kotlinx_kotlinx-serialization-core-jvm 1.11.0
	   \-- org_jetbrains_kotlinx_kotlinx-serialization-json-jvm 1.11.0
	- fabricloader 0.19.2
	   \-- mixinextras 0.5.4
	- fake-afk 1.0.6-1.21.11
	- fallingtree 1.21.11.3
	- farmersdelight 1.21.11-3.4.9+refabricated
	   \-- mm 2.3
	- ferritecore 8.2.0
	- forgeconfigapiport 21.11.1
	   |-- com_electronwill_night-config_core 3.8.3
	   \-- com_electronwill_night-config_toml 3.8.3
	- functional_trims 2.1.0
	- geckolib 5.4.5
	- globalxp 1.12.2
	- hardcorerevival 21.11.5
	- ironchest 2.0.5
	   \-- libgui 15.1.0+1.21.11
	        |-- jankson 11.0.0+j1.2.3
	        |    \-- blue_endless_jankson 1.2.3
	        \-- libninepatch 1.2.0
	- java 25
	- krypton 0.2.10
	   \-- com_velocitypowered_velocity-native 3.4.0-SNAPSHOT
	- lithium 0.21.4+mc1.21.11
	- lithostitched 1.7.2
	- lootr 1.21.11-1.20.34.103
	- midnightlib 1.9.3
	- minecraft 1.21.11
	- mr_dungeons_andtaverns 1-v5.1.0
	- mr_epic_structuresdungeons 1.2.4
	- nemos_woodcutter 1.21.11-1.14.1
	- polymer-bundled 0.15.2+1.21.11
	   |-- polymer-autohost 0.15.2+1.21.11
	   |-- polymer-blocks 0.15.2+1.21.11
	   |-- polymer-common 0.15.2+1.21.11
	   |    \-- packet_tweaker 0.6.0+1.21.10
	   |-- polymer-core 0.15.2+1.21.11
	   |    |-- polymer-networking 0.15.2+1.21.11
	   |    |    \-- polymer-common 0.15.2+1.21.11
	   |    |         \-- packet_tweaker 0.6.0+1.21.10
	   |    \-- polymer-registry-sync-manipulator 0.15.2+1.21.11
	   |-- polymer-resource-pack 0.15.2+1.21.11
	   |    \-- polymer-common 0.15.2+1.21.11
	   |         \-- packet_tweaker 0.6.0+1.21.10
	   |-- polymer-resource-pack-extras 0.15.2+1.21.11
	   |-- polymer-sound-patcher 0.15.2+1.21.11
	   \-- polymer-virtual-entity 0.15.2+1.21.11
	        \-- polymer-common 0.15.2+1.21.11
	             \-- packet_tweaker 0.6.0+1.21.10
	- puzzleslib 21.11.13
	- repurposed_structures 7.6.2+1.21.11-fabric
	- roguelike fabric-2.1.2+mc1.21.11
	- servercore 1.5.15+1.21.11
	   |-- org_yaml_snakeyaml 2.5
	   |-- placeholder-api 2.8.1+1.21.10
	   |-- space_arim_dazzleconf_dazzleconf-core 1.3.0-M2
	   \-- space_arim_dazzleconf_dazzleconf-ext-snakeyaml 1.3.0-M2
	- skinrestorer 2.7.0+1.21.11-fabric
	   \-- org_mineskin_java-client 3.2.1-SNAPSHOT
	- strawberrylib 1.21.11-r4
	   \-- datasync_minecraft 0.10.3
	- travelersbackpack 10.11.9
	- universal-graves 3.10.2+1.21.11
	   |-- common-protection-api 1.0.0
	   |-- placeholder-api 2.8.1+1.21.10
	   |-- predicate-api 0.7.0+1.21.11
	   |-- server_translations_api 2.5.2+1.21.9-pre3
	   \-- sgui 1.11.0+1.21.9
	- waystones 21.11.9
	- xaerominimap 25.3.10
	   \-- xaerolib 1.1.0
[04:30:34] [main/WARN]: Found 1 non-fabric mod:
	- LuckPerms-Bukkit-5.5.17.jar
[04:30:35] [main/INFO]: SpongePowered MIXIN Subsystem Version=0.8.7 Source=file:/workspaces/elserversex/libraries/net/fabricmc/sponge-mixin/0.17.2+mixin.0.8.7/sponge-mixin-0.17.2+mixin.0.8.7.jar Service=Knot/Fabric Env=SERVER
[04:30:35] [main/INFO]: Compatibility level set to JAVA_17
[04:30:35] [main/INFO]: Compatibility level set to JAVA_21
[04:30:35] [main/WARN]: Reference map 'balm.refmap.json' for balm.mixins.json could not be read. If this is a development environment you can ignore this message
[04:30:35] [main/WARN]: Reference map 'balm.refmap.json' for balm.api.mixins.json could not be read. If this is a development environment you can ignore this message
[04:30:35] [main/WARN]: Reference map 'balm.refmap.json' for balm.fabric.mixins.json could not be read. If this is a development environment you can ignore this message
[04:30:35] [main/WARN]: Reference map 'carryon.refmap.json' for carryon.mixins.json could not be read. If this is a development environment you can ignore this message
[04:30:35] [main/WARN]: Reference map 'geckolib.refmap.json' for geckolib.mixins.json could not be read. If this is a development environment you can ignore this message
[04:30:35] [main/WARN]: Reference map 'globalxp.refmap.json' for globalxp.mixins.json could not be read. If this is a development environment you can ignore this message
[04:30:35] [main/WARN]: Reference map 'hardcorerevival.refmap.json' for hardcorerevival.mixins.json could not be read. If this is a development environment you can ignore this message
[04:30:35] [main/WARN]: Reference map 'kuma_api.refmap.json' for kuma_api.mixins.json could not be read. If this is a development environment you can ignore this message
[04:30:35] [main/WARN]: Reference map 'kuma_api.refmap.json' for kuma_api.fabric.mixins.json could not be read. If this is a development environment you can ignore this message
[04:30:35] [main/INFO]: Loaded configuration file for Lithium: 171 options available, 0 override(s) found.
[04:30:35] [main/WARN]: Reference map 'nemos_woodcutter.refmap.json' for nemos_woodcutter.mixins.json could not be read. If this is a development environment you can ignore this message
[04:30:35] [main/WARN]: Reference map 'nemos_woodcutter.refmap.json' for nemos_woodcutter.fabric.mixins.json could not be read. If this is a development environment you can ignore this message
[04:30:36] [main/WARN]: Reference map 'skinrestorer.refmap.json' for skinrestorer.mixins.json could not be read. If this is a development environment you can ignore this message
[04:30:36] [main/WARN]: Reference map 'skinrestorer.refmap.json' for skinrestorer.fabric.mixins.json could not be read. If this is a development environment you can ignore this message
[04:30:36] [main/WARN]: Reference map 'waystones.refmap.json' for waystones.mixins.json could not be read. If this is a development environment you can ignore this message
[04:30:36] [main/WARN]: Reference map 'waystones.refmap.json' for waystones.fabric.mixins.json could not be read. If this is a development environment you can ignore this message
[04:30:36] [main/WARN]: Reference map 'xaerolib.refmap.json' for xaerolib.mixins.json could not be read. If this is a development environment you can ignore this message
[04:30:36] [main/WARN]: Reference map 'xaerominimap.refmap.json' for xaerohud.mixins.json could not be read. If this is a development environment you can ignore this message
[04:30:36] [main/WARN]: Reference map 'xaerominimap.refmap.json' for xaerohud.fabric.mixins.json could not be read. If this is a development environment you can ignore this message
[04:30:36] [main/WARN]: Reference map 'xaerominimap.refmap.json' for xaerominimap.mixins.json could not be read. If this is a development environment you can ignore this message
[04:30:36] [main/WARN]: Error loading class: net/minecraft/class_9976 (java.lang.ClassNotFoundException: net/minecraft/class_9976)
[04:30:36] [main/WARN]: @Mixin target net.minecraft.class_9976 was not found coolrain.mixins.json:RainMixin from mod coolrain
[04:30:36] [main/WARN]: Error loading class: net/minecraft/class_9934 (java.lang.ClassNotFoundException: net/minecraft/class_9934)
[04:30:36] [main/WARN]: @Mixin target net.minecraft.class_9934 was not found farmersdelight.mixins.json:refabricated.GhostSlotsInvoker from mod farmersdelight
[04:30:37] [main/WARN]: Error loading class: com/simibubi/create/content/kinetics/base/BlockBreakingKineticBlockEntity (java.lang.ClassNotFoundException: com/simibubi/create/content/kinetics/base/BlockBreakingKineticBlockEntity)
[04:30:38] [main/INFO]: Initializing MixinExtras via com.llamalad7.mixinextras.service.MixinExtrasServiceImpl(version=0.5.4).
[04:30:44] [main/WARN]: Method overwrite conflict for getClimateSettings in lithostitched.mixins.json:common.BiomeAccessor from mod lithostitched, previously written by carpet.mixins.Biome_scarpetMixin. Skipping method.
[04:30:53] [main/INFO]: Successfully initialized antixray for fabric
[04:30:54] [main/INFO]: [CommandBlocker] Mod cargado! Comandos bloqueados: [op, give, gm, teleport, xp, experience, tp, gamemode]
[04:30:54] [main/INFO]: [Dynamic Lights] MidnightLib detected!
[04:30:54] [main/INFO]: [Dynamic Lights] Registering server started event ...
[04:30:54] [main/INFO]: [Dynamic Lights] Loaded Dynamic Lights by Tschipcraft successfully!
[04:30:54] [main/INFO]: Constructing components for enchantinginfuser:common
[04:30:54] [main/INFO]: [EssentialCommands]: Mod Load Initiated.
[04:30:55] [main/INFO]: [EssentialCommands]: Mod Load Complete.
[04:30:55] [ForkJoinPool.commonPool-worker-1/INFO]: Essential Commands is up to date!
[04:30:55] [main/INFO]: Loaded config farmersdelight-common.json
[04:30:55] [main/INFO]: Registered Functional Trims effects.
[04:30:55] [main/INFO]: Functional Trims initialized.
[04:30:56] [main/INFO]: Compression will use libdeflate (Linux x86_64), encryption will use OpenSSL 3.x.x (Linux x86_64)
[04:30:56] [main/INFO]: Definitely not up to no good
[04:30:56] [main/INFO]: Thank you for using Nemo's Woodcutter!
[04:30:56] [main/INFO]: Registering creative mode tabs
[04:30:56] [main/INFO]: Registering recipe serializer
[04:30:56] [main/INFO]: Register recipe types
[04:30:56] [main/INFO]: Registering recipe book categories
[04:30:56] [main/INFO]: Registering recipe displays
[04:30:56] [main/INFO]: Registering menu types
[04:30:56] [main/INFO]: Constructing components for puzzleslib:common
[04:30:57] [main/INFO]: [ServerCore] Loaded V1.5.15+1.21.11!
[04:30:58] [main/INFO]: Registered the FluidEffect with Unique ID of minecraft:water for Water (Fluid Amount Required: 81000) with the ID 0
[04:30:58] [main/INFO]: Registered the FluidEffect with Unique ID of minecraft:lava for Lava (Fluid Amount Required: 81000) with the ID 1
[04:30:58] [main/INFO]: Registered the FluidEffect with Unique ID of travelersbackpack:potion for block.travelersbackpack.potion_still (Fluid Amount Required: 27000) with the ID 2
[04:30:58] [main/INFO]: Registered the FluidEffect with Unique ID of minecraft:milk for Air (Fluid Amount Required: 81000) with the ID 3
[04:30:59] [main/INFO]: Krypton is now accelerating your Minecraft server's networking stack 🚀
[04:30:59] [main/INFO]: Registering common data for channel xaerolib:main!
[04:30:59] [main/INFO]: Loading primary common config for channel xaerolib:main!
[04:30:59] [main/INFO]: Loading server config profiles for channel xaerolib:main!
[04:30:59] [main/INFO]: Loading XaeroLib common 1/2!
[04:30:59] [main/INFO]: Loading XaeroLib server 1/2!
[04:30:59] [main/INFO]: Registering common data for channel xaerominimap:main!
[04:30:59] [main/INFO]: Loading primary common config for channel xaerominimap:main!
[04:30:59] [main/INFO]: Loading server config profiles for channel xaerominimap:main!
[04:30:59] [main/INFO]: Loading Xaero's Minimap - Stage 1/2 (Server)
[04:31:00] [main/INFO]: Environment: Environment[sessionHost=https://sessionserver.mojang.com, servicesHost=https://api.minecraftservices.com, profilesHost=https://api.mojang.com, name=PROD]
[04:31:07] [main/INFO]: Loaded 2318 recipes
[04:31:07] [main/INFO]: Loaded 2461 advancements
[04:31:07] [ForkJoinPool.commonPool-worker-1/INFO]: Loaded 58 translation keys
[04:31:08] [main/INFO]: Applied 324 biome modifications to 64 of 65 new biomes in 25.84 ms
[04:31:08] [Server thread/INFO]: Dispatching loading event for config enchantinginfuser-server.toml
[04:31:08] [Server thread/INFO]: Loading XaeroLib common 2/2!
[04:31:08] [Server thread/INFO]: Loading XaeroLib server 2/2!
[04:31:08] [Server thread/INFO]: Starting minecraft server version 1.21.11
[04:31:08] [Server thread/INFO]: Loading properties
[04:31:08] [Server thread/INFO]: Default game type: SURVIVAL
[04:31:08] [Server thread/INFO]: Generating keypair
[04:31:09] [Server thread/INFO]: Starting Minecraft server on *:25565
[04:31:09] [Server thread/WARN]: **** SERVER IS RUNNING IN OFFLINE/INSECURE MODE!
[04:31:09] [Server thread/WARN]: The server will make no attempt to authenticate usernames. Beware.
[04:31:09] [Server thread/WARN]: While this makes the game possible to play without internet access, it also opens up the ability for hackers to connect with any username they choose.
[04:31:09] [Server thread/WARN]: To change this, set "online-mode" to "true" in the server.properties file.
[04:31:09] [Server thread/INFO]: Preparing level "world"
[04:31:10] [Server thread/INFO]: Loading 63 persistent chunks...
[04:31:10] [Server thread/INFO]: Preparing spawn area: 13%
[04:31:11] [Server thread/INFO]: Preparing spawn area: 13%
[04:31:11] [Server thread/INFO]: Preparing spawn area: 13%
[04:31:12] [Server thread/INFO]: Preparing spawn area: 13%
[04:31:12] [Server thread/INFO]: Preparing spawn area: 13%
[04:31:13] [Server thread/INFO]: Preparing spawn area: 13%
[04:31:13] [Server thread/INFO]: Preparing spawn area: 13%
[04:31:14] [Server thread/INFO]: Preparing spawn area: 13%
[04:31:14] [Server thread/INFO]: Preparing spawn area: 13%
[04:31:15] [Server thread/INFO]: Preparing spawn area: 13%
[04:31:15] [Server thread/INFO]: Preparing spawn area: 13%
[04:31:16] [Server thread/INFO]: Preparing spawn area: 13%
[04:31:16] [Server thread/INFO]: Preparing spawn area: 13%
[04:31:17] [Server thread/INFO]: Preparing spawn area: 13%
[04:31:17] [Server thread/INFO]: Preparing spawn area: 13%
[04:31:18] [Server thread/INFO]: Preparing spawn area: 13%
[04:31:18] [Server thread/INFO]: Preparing spawn area: 13%
[04:31:19] [Server thread/INFO]: Preparing spawn area: 13%
[04:31:19] [Server thread/INFO]: Preparing spawn area: 13%
[04:31:20] [Server thread/INFO]: Preparing spawn area: 13%
[04:31:20] [Server thread/INFO]: Preparing spawn area: 13%
[04:31:21] [Server thread/INFO]: Preparing spawn area: 13%
[04:31:21] [Server thread/INFO]: Preparing spawn area: 13%
[04:31:22] [Server thread/INFO]: Preparing spawn area: 13%
[04:31:22] [Server thread/INFO]: Preparing spawn area: 13%
[04:31:23] [Server thread/INFO]: Preparing spawn area: 13%
[04:31:23] [Server thread/INFO]: Preparing spawn area: 13%
[04:31:24] [Server thread/INFO]: Preparing spawn area: 13%
[04:31:24] [Server thread/INFO]: Preparing spawn area: 13%
[04:31:25] [Server thread/INFO]: Preparing spawn area: 13%
[04:31:25] [Server thread/INFO]: Preparing spawn area: 13%
[04:31:26] [Server thread/INFO]: Preparing spawn area: 13%
[04:31:26] [Server thread/INFO]: Preparing spawn area: 13%
[04:31:27] [Server thread/INFO]: Preparing spawn area: 13%
[04:31:27] [Server thread/INFO]: Preparing spawn area: 13%
[04:31:28] [Server thread/INFO]: Preparing spawn area: 13%
[04:31:28] [Server thread/INFO]: Preparing spawn area: 13%
[04:31:29] [Server thread/INFO]: Preparing spawn area: 13%
[04:31:29] [Server thread/INFO]: Preparing spawn area: 13%
[04:31:30] [Server thread/INFO]: Preparing spawn area: 13%
[04:31:30] [Server thread/INFO]: Preparing spawn area: 13%
[04:31:31] [Server thread/INFO]: Preparing spawn area: 13%
[04:31:31] [Server thread/INFO]: Preparing spawn area: 13%
[04:31:32] [Server thread/INFO]: Preparing spawn area: 13%
[04:31:32] [Server thread/INFO]: Preparing spawn area: 13%
[04:31:33] [Server thread/INFO]: Preparing spawn area: 13%
[04:31:33] [Server thread/INFO]: Preparing spawn area: 13%
[04:31:34] [Server thread/INFO]: Preparing spawn area: 13%
[04:31:34] [Server thread/INFO]: Preparing spawn area: 13%
[04:31:39] [Server thread/INFO]: Preparing spawn area: 13%
[04:31:39] [Server thread/INFO]: Preparing spawn area: 13%
[04:31:39] [Server thread/INFO]: Preparing spawn area: 13%
[04:31:39] [Server thread/INFO]: Preparing spawn area: 13%
[04:31:39] [Server thread/INFO]: Preparing spawn area: 13%
[04:31:39] [Server thread/INFO]: Preparing spawn area: 13%
[04:31:39] [Server thread/INFO]: Preparing spawn area: 13%
[04:31:39] [Server thread/INFO]: Preparing spawn area: 13%
[04:31:39] [Server thread/INFO]: Preparing spawn area: 13%
[04:31:39] [Server thread/INFO]: Time elapsed: 28775 ms
[04:31:39] [Server thread/INFO]: Done (30.501s)! For help, type "help"
[04:31:39] [Server thread/INFO]: [Dynamic Lights] Sending global config to world ...
[04:31:39] [Server thread/INFO]: Possible world ids: minecraft:overworld,minecraft:the_end,minecraft:the_nether
[04:31:39] [Server thread/INFO]: Configured `rtp_enabled_worlds` world ids: minecraft:overworld
[04:31:39] [Server thread/INFO]: All configured `rtp_enabled_worlds` world ids are valid.
[04:31:39] [Server thread/INFO]: Loading Xaero's Minimap - Stage 2/2 (Server)
[04:31:47] [Server thread/INFO]: bryan13[/127.42.141.221:58439] logged in with entity id 184 at (-8405.312849576376, 205.0, 2225.5233040656426)
[04:31:47] [Server thread/INFO]: [Essential Commands] Loading PlayerData for player with uuid 'f58785a7-6f31-3493-86e0-bef8c4556536'.
[04:31:47] [Server thread/INFO]: bryan13 joined the game
[04:31:48] [Server thread/INFO]: [Essential Commands] Loading PlayerProfile for player with uuid 'f58785a7-6f31-3493-86e0-bef8c4556536'.
[04:31:48] [ForkJoinPool.commonPool-worker-1/INFO]: Loaded 1 player data objects (took 0s 988ms)
[04:31:50] [Server thread/WARN]: Can't keep up! Is the server overloaded? Running 3547ms or 70 ticks behind
[04:31:53] [Server thread/INFO]: alkeys[/127.23.168.249:53855] logged in with entity id 387 at (-9583.793668834433, 63.0, 2855.9274784945496)
[04:31:53] [Server thread/INFO]: [Essential Commands] Loading PlayerData for player with uuid 'a705d6a9-583d-33ac-8ecf-59691f80d283'.
[04:31:53] [Server thread/INFO]: alkeys joined the game
[04:31:53] [Server thread/INFO]: [Essential Commands] Loading PlayerProfile for player with uuid 'a705d6a9-583d-33ac-8ecf-59691f80d283'.
[04:31:53] [ForkJoinPool.commonPool-worker-1/INFO]: Loaded 1 player data objects (took 0s 101ms)
[04:32:18] [Server thread/WARN]: Can't keep up! Is the server overloaded? Running 13946ms or 278 ticks behind
[04:33:13] [Server thread/INFO]: ArmandoMtrz[/127.48.232.16:40779] logged in with entity id 2291 at (-8089.000433144043, 85.0, 2451.2803658481357)
[04:33:13] [Server thread/INFO]: [Essential Commands] Loading PlayerData for player with uuid '01437efa-ff8e-3a5b-b190-b0e07f4d0887'.
[04:33:13] [Server thread/INFO]: ArmandoMtrz joined the game
[04:33:13] [Server thread/INFO]: [Essential Commands] Loading PlayerProfile for player with uuid '01437efa-ff8e-3a5b-b190-b0e07f4d0887'.
[04:33:13] [ForkJoinPool.commonPool-worker-3/INFO]: Loaded 1 player data objects (took 0s 325ms)
[04:35:58] [Server thread/INFO]: [Not Secure] <alkeys> zzzzzzzzzzzzzz
[04:36:21] [Server thread/INFO]: [Not Secure] <alkeys> xzzzzzzzzzzzzzzzzzzzzzzzzzzzzzz
[04:36:22] [Server thread/INFO]: [Not Secure] <alkeys> zzzzzzzzzzz
[04:36:23] [Server thread/INFO]: [Not Secure] <alkeys> zzzzzzzzz
[04:36:24] [Server thread/INFO]: [Not Secure] <alkeys> zzzzzzzz
[04:36:26] [Server thread/INFO]: [Not Secure] <alkeys> zzzzzzzz
[04:39:43] [Server thread/WARN]: Can't keep up! Is the server overloaded? Running 2966ms or 59 ticks behind
[04:39:43] [Server thread/WARN]: bryan13 moved too quickly! 14.26833297781468,8.460306207301684,-6.6323353353404855
[04:43:25] [Server thread/INFO]: ArmandoMtrz lost connection: Disconnected
[04:43:25] [Server thread/INFO]: ArmandoMtrz left the game
[04:46:50] [Server thread/WARN]: Rejecting UseItemOnPacket from alkeys: Location (-7866.0, 63.99000000953674, 2224.4319454729557) too far away from hit block class_2338{x=-7900, y=63, z=2224}.
[04:46:50] [Server thread/WARN]: Rejecting UseItemOnPacket from alkeys: Location (-7866.0, 63.99000000953674, 2225.21139113605) too far away from hit block class_2338{x=-7900, y=63, z=2225}.
[04:46:51] [Server thread/WARN]: Rejecting UseItemOnPacket from alkeys: Location (-7866.0, 63.99000000953674, 2226.0445158667862) too far away from hit block class_2338{x=-7900, y=63, z=2226}.
[04:46:56] [Server thread/WARN]: Rejecting UseItemOnPacket from alkeys: Location (-7866.0, 63.99000000953674, 2225.6485283374786) too far away from hit block class_2338{x=-7900, y=63, z=2225}.
[04:46:57] [Server thread/WARN]: Rejecting UseItemOnPacket from alkeys: Location (-7866.0, 63.99000000953674, 2224.808059990406) too far away from hit block class_2338{x=-7900, y=63, z=2224}.
[04:47:02] [Server thread/WARN]: Rejecting UseItemOnPacket from alkeys: Location (-7866.0, 64.99000000953674, 2226.4724231362343) too far away from hit block class_2338{x=-7900, y=64, z=2226}.
[04:47:02] [Server thread/WARN]: Rejecting UseItemOnPacket from alkeys: Location (-7866.0, 64.99000000953674, 2225.789928853512) too far away from hit block class_2338{x=-7900, y=64, z=2225}.
[04:47:02] [Server thread/WARN]: Rejecting UseItemOnPacket from alkeys: Location (-7866.0, 64.99000000953674, 2224.991534769535) too far away from hit block class_2338{x=-7900, y=64, z=2224}.
[04:47:02] [Server thread/WARN]: Rejecting UseItemOnPacket from alkeys: Location (-7865.679569244385, 65.99000000953674, 2224.3803929686546) too far away from hit block class_2338{x=-7900, y=65, z=2224}.
[04:47:02] [Server thread/WARN]: Rejecting UseItemOnPacket from alkeys: Location (-7866.0, 65.99000000953674, 2225.1179220825434) too far away from hit block class_2338{x=-7900, y=65, z=2225}.
[04:47:03] [Server thread/WARN]: Rejecting UseItemOnPacket from alkeys: Location (-7866.0, 65.99000000953674, 2226.2427015155554) too far away from hit block class_2338{x=-7900, y=65, z=2226}.
[04:47:06] [Server thread/WARN]: Rejecting UseItemOnPacket from alkeys: Location (-7866.0, 64.99000000953674, 2225.6434183716774) too far away from hit block class_2338{x=-7900, y=64, z=2225}.
[04:47:39] [Server thread/WARN]: Rejecting UseItemOnPacket from alkeys: Location (-7856.594703674316, 67.99000000953674, 2223.753932595253) too far away from hit block class_2338{x=-7891, y=67, z=2223}.
[04:49:23] [Server thread/WARN]: Rejecting UseItemOnPacket from alkeys: Location (-7846.62654876709, 68.99000000953674, 2230.178825363517) too far away from hit block class_2338{x=-7881, y=68, z=2230}.
[04:49:23] [Server thread/WARN]: Rejecting UseItemOnPacket from alkeys: Location (-7846.40962600708, 68.99000000953674, 2229.471690148115) too far away from hit block class_2338{x=-7881, y=68, z=2229}.
[04:52:34] [Server thread/WARN]: Rejecting UseItemOnPacket from alkeys: Location (-7856.383605957031, 68.99000000953674, 2223.176572918892) too far away from hit block class_2338{x=-7891, y=68, z=2223}.
[05:14:03] [Server thread/INFO]: COULDNT SUMMON FAKE PLAYER alkeys-afk
[05:14:04] [Server thread/INFO]: alkeys-afk[local] logged in with entity id 34221 at (-7808.276706181869, 63.0, 2204.9704495658016)
[05:14:04] [Server thread/INFO]: [Essential Commands] Loading PlayerData for player with uuid '48c9d56f-f7ed-3078-b487-2aa1ea0a3482'.
[05:14:04] [Server thread/INFO]: alkeys-afk joined the game
[05:14:04] [Server thread/INFO]: [Essential Commands] Loading PlayerProfile for player with uuid '48c9d56f-f7ed-3078-b487-2aa1ea0a3482'.
[05:14:04] [ForkJoinPool.commonPool-worker-5/INFO]: Loaded 1 player data objects (took 0s 585ms)
[05:19:45] [Server thread/INFO]: alkeys-afk lost connection: Killed
[05:19:45] [Server thread/INFO]: alkeys-afk left the game
[05:31:22] [Server thread/INFO]: alkeys lost connection: Disconnected
[05:31:22] [Server thread/INFO]: alkeys left the game
[05:31:23] [Server thread/INFO]: bryan13 lost connection: Disconnected
[05:31:23] [Server thread/INFO]: bryan13 left the game
[05:31:26] [Server thread/INFO]: Stopping the server
[05:31:26] [Server thread/INFO]: Stopping server
[05:31:26] [Server thread/INFO]: Saving players
[05:31:26] [Server thread/INFO]: Saving worlds
[05:31:27] [Server thread/INFO]: Saving chunks for level 'ServerLevel[world]'/minecraft:overworld
[05:31:27] [Server thread/INFO]: Saving chunks for level 'ServerLevel[world]'/minecraft:the_nether
[05:31:27] [Server thread/INFO]: Saving chunks for level 'ServerLevel[world]'/minecraft:the_end
[05:31:27] [Server thread/INFO]: ThreadedAnvilChunkStorage (world): All chunks are saved
[05:31:27] [Server thread/INFO]: ThreadedAnvilChunkStorage (DIM-1): All chunks are saved
[05:31:27] [Server thread/INFO]: ThreadedAnvilChunkStorage (DIM1): All chunks are saved
[05:31:27] [Server thread/INFO]: ThreadedAnvilChunkStorage: All dimensions are saved
